200
{
  "id": "jb76b9fb451",
  "project": "rocket-fixture",
  "name": "broken",
  "kind": "pipeline",
  "env": "dev",
  "owner": "user",
  "steps": [
    {
      "run": "echo before-fail"
    },
    {
      "run": "echo failing; exit 3"
    },
    {
      "run": "echo never-runs"
    }
  ],
  "status": "running",
  "started_at": "2026-10-06T18:50:28.772682Z",
  "duration_ms": 0,
  "log_path": "/private/tmp/rkg29j56nvn/home/logs/rocket-fixture/jobs/jb76b9fb451.log"
}
