200
{
  "id": "j828280c0a6",
  "project": "rocket-fixture",
  "name": "check",
  "kind": "pipeline",
  "env": "dev",
  "owner": "user",
  "steps": [
    {
      "run": "echo step-one"
    },
    {
      "run": "echo step-two greeting=$FIXTURE_GREETING"
    }
  ],
  "status": "succeeded",
  "step": 2,
  "pid": 57373,
  "pgid": 57373,
  "exit_code": 0,
  "started_at": "2026-10-06T18:50:28.760607Z",
  "finished_at": "2026-10-06T18:50:28.770651Z",
  "duration_ms": 10,
  "log_path": "/private/tmp/rkg29j56nvn/home/logs/rocket-fixture/jobs/j828280c0a6.log"
}
